// Jest Snapshot v1, https://goo.gl/fbAQLP

exports[`should render bannerText correctly 1`] = `
<div
  className="bannerText"
>
  <div
    className="bannerText__container"
  >
    <h2>
      Create custom high intentsity interval workouts with HIIT Timer. Get in shape and loose weight with HIIT Timer today!
    </h2>
    <img
      alt="arm icon"
      className="bannerText__image"
      src="dumbbell-icon.png"
    />
  </div>
</div>
`;
